// Jest Snapshot v1, https://goo.gl/fbAQLP

exports[`Icon Category List renders correctly 1`] = `
<section
  className="icon-list"
>
  <h1>
    additional
  </h1>
  <ul>
    <li>
      <img
        alt="add-circle-outline"
        src="test-file-stub"
      />
    </li>
    <li>
      <img
        alt="add-circle"
        src="test-file-stub"
      />
    </li>
  </ul>
</section>
`;
